// Vitest Snapshot v1, https://vitest.dev/guide/snapshot.html

exports[`EButton suite > render correctly 1`] = `"<button type=\\"button\\" class=\\"button is-primary\\" autofocus=\\"false\\"></button>"`;
